[htmldemo.net/kidschool/tf.html]
[backblue.gif]
[fade.gif]
[index.html]
[htmldemo.net/kidschool/img/favicon.ico]
[htmldemo.net/kidschool/css/bootstrap.min.css]
[htmldemo.net/kidschool/css/font-awesome.min.css]
[htmldemo.net/kidschool/css/meanmenu.min.css]
[htmldemo.net/kidschool/css/animate.min.css]
[htmldemo.net/kidschool/style.css]
[htmldemo.net/kidschool/css/header.css]
[htmldemo.net/kidschool/css/responsive.css]
[htmldemo.net/kidschool/js/vendor/modernizr-2.8.3.min.js]
[htmldemo.net/kidschool/fector-plus/index.html]
[htmldemo.net/kidschool/img/logo.png]
[htmldemo.net/kidschool/kidschool/index.html]
[htmldemo.net/kidschool/kidschool/service.html]
[htmldemo.net/kidschool/kidschool/about.html]
[htmldemo.net/kidschool/kidschool/teacher.html]
[htmldemo.net/kidschool/kidschool/event.html]
[htmldemo.net/kidschool/kidschool/contact.html]
[htmldemo.net/kidschool/img/home/h1.jpg]
[htmldemo.net/kidschool/img/home/about-us.jpg]
[htmldemo.net/kidschool/img/home/services.jpg]
[htmldemo.net/kidschool/img/home/teacher.jpg]
[htmldemo.net/kidschool/img/home/event.jpg]
[htmldemo.net/kidschool/img/home/contact-us.jpg]
[themeforest.img.customer.envatousercontent.com/files/232487185/preview.__large_preview1714.jpg]
[themeforest.img.customer.envatousercontent.com/files/228580820/preview.__large_previewd80f.jpg]
[htmldemo.net/kidschool/img/person.jpg]
[htmldemo.net/kidschool/js/vendor/jquery-1.12.0.min.js]
[htmldemo.net/kidschool/js/bootstrap.min.js]
[htmldemo.net/kidschool/js/jquery.meanmenu.min.js]
[htmldemo.net/kidschool/js/jquery.mixitup.min.js]
[htmldemo.net/kidschool/js/jquery.scrollup.min.js]
[htmldemo.net/kidschool/js/jquery.counterup.min.js]
[htmldemo.net/kidschool/js/waypoints.min.js]
[htmldemo.net/kidschool/tf.html]
[htmldemo.net/kidschool/js/main.js]
[htmldemo.net/kidschool/fonts/glyphicons-halflings-regular.eot]
[htmldemo.net/kidschool/fonts/glyphicons-halflings-regulard41d.eot]
[htmldemo.net/kidschool/fonts/glyphicons-halflings-regular.woff2]
[htmldemo.net/kidschool/fonts/glyphicons-halflings-regular.woff]
[htmldemo.net/kidschool/fonts/glyphicons-halflings-regular.ttf]
[htmldemo.net/kidschool/fonts/glyphicons-halflings-regular.svg]
[htmldemo.net/kidschool/css/bootstrap.min.css]
[htmldemo.net/kidschool/fonts/fontawesome-webfont3e6e.eot]
[htmldemo.net/kidschool/fonts/fontawesome-webfont3e6e.woff2]
[htmldemo.net/kidschool/fonts/fontawesome-webfont3e6e.woff]
[htmldemo.net/kidschool/fonts/fontawesome-webfont3e6e.ttf]
[htmldemo.net/kidschool/fonts/fontawesome-webfontd41d.eot]
[htmldemo.net/kidschool/css/font-awesome.min.css]
[htmldemo.net/kidschool/css/meanmenu.min.css]
[htmldemo.net/kidschool/css/animate.min.css]
[htmldemo.net/kidschool/style.css]
[htmldemo.net/kidschool/css/header.css]
[htmldemo.net/kidschool/css/responsive.css]
[www.googletagmanager.com/gtm5445.html]
[htmldemo.net/kidschool/fector-plus/index.html]
[htmldemo.net/kidschool/kidschool/images/favicon.ico]
[htmldemo.net/kidschool/fonts/fontawesome-webfont3e6e.svg]
[htmldemo.net/kidschool/kidschool/css/bootstrap.min.css]
[htmldemo.net/kidschool/kidschool/css/core.css]
[htmldemo.net/kidschool/kidschool/style.css]
[htmldemo.net/kidschool/kidschool/css/shortcode/shortcodes.css]
[htmldemo.net/kidschool/kidschool/css/plugins/hover.css]
[htmldemo.net/kidschool/kidschool/css/responsive.css]
[htmldemo.net/kidschool/kidschool/js/vendor/modernizr-2.8.3.min.js]
[htmldemo.net/kidschool/kidschool/images/logo/logo.png]
[htmldemo.net/kidschool/kidschool/images/slider/1.png]
[htmldemo.net/kidschool/kidschool/images/activity/1.png]
[htmldemo.net/kidschool/kidschool/images/activity/2.png]
[htmldemo.net/kidschool/kidschool/images/activity/3.png]
[htmldemo.net/kidschool/kidschool/images/activity/4.png]
[htmldemo.net/kidschool/kidschool/images/activity/5.png]
[htmldemo.net/kidschool/kidschool/images/activity/6.png]
[htmldemo.net/kidschool/kidschool/images/portfolio/1.jpg]
[htmldemo.net/kidschool/kidschool/images/portfolio/2.jpg]
[htmldemo.net/kidschool/kidschool/images/portfolio/4.jpg]
[htmldemo.net/kidschool/kidschool/images/portfolio/6.jpg]
[htmldemo.net/kidschool/kidschool/images/portfolio/3.jpg]
[htmldemo.net/kidschool/kidschool/images/portfolio/5.jpg]
[htmldemo.net/kidschool/kidschool/images/fun/1.png]
[htmldemo.net/kidschool/kidschool/images/fun/2.png]
[htmldemo.net/kidschool/kidschool/images/fun/3.png]
[htmldemo.net/kidschool/kidschool/images/fun/4.png]
[htmldemo.net/kidschool/kidschool/images/teacher/1.jpg]
[htmldemo.net/kidschool/kidschool/images/teacher/2.jpg]
[htmldemo.net/kidschool/kidschool/images/teacher/3.jpg]
[htmldemo.net/kidschool/kidschool/images/teacher/4.jpg]
[htmldemo.net/kidschool/kidschool/images/event/1.jpg]
[htmldemo.net/kidschool/kidschool/images/event/2.jpg]
[htmldemo.net/kidschool/kidschool/images/class/1.jpg]
[htmldemo.net/kidschool/kidschool/images/class/2.jpg]
[htmldemo.net/kidschool/kidschool/images/class/3.jpg]
[htmldemo.net/kidschool/kidschool/images/contact/1.png]
[htmldemo.net/kidschool/kidschool/images/contact/2.png]
[htmldemo.net/kidschool/kidschool/images/contact/3.png]
[htmldemo.net/kidschool/kidschool/images/contact/4.png]
[htmldemo.net/kidschool/kidschool/js/vendor/jquery-1.12.4.min.js]
[htmldemo.net/kidschool/kidschool/js/bootstrap.min.js]
[htmldemo.net/kidschool/kidschool/js/owl.carousel.min.js]
[htmldemo.net/kidschool/kidschool/js/jquery.meanmenu.js]
[htmldemo.net/kidschool/kidschool/js/isotope.pkgd.min.js]
[htmldemo.net/kidschool/kidschool/js/imagesloaded.pkgd.min.js]
[htmldemo.net/kidschool/kidschool/js/ajax-mail.js]
[htmldemo.net/kidschool/kidschool/js/jquery.ajaxchimp.min.js]
[htmldemo.net/kidschool/kidschool/js/plugins.js]
[htmldemo.net/kidschool/kidschool/js/jquery.magnific-popup.js]
[htmldemo.net/kidschool/kidschool/js/jquery.counterup.min.js]
[htmldemo.net/kidschool/kidschool/js/waypoints.min.js]
[htmldemo.net/kidschool/kidschool/index.html]
[htmldemo.net/kidschool/kidschool/js/main.js]
[htmldemo.net/kidschool/kidschool/images/about/1.png]
[htmldemo.net/kidschool/kidschool/about.html]
[htmldemo.net/kidschool/kidschool/service.html]
[htmldemo.net/kidschool/kidschool/images/teacher/5.jpg]
[htmldemo.net/kidschool/kidschool/images/teacher/6.jpg]
[htmldemo.net/kidschool/kidschool/images/teacher/7.jpg]
[htmldemo.net/kidschool/kidschool/images/teacher/8.jpg]
[htmldemo.net/kidschool/kidschool/images/teacher/9.jpg]
[htmldemo.net/kidschool/kidschool/images/teacher/10.jpg]
[htmldemo.net/kidschool/kidschool/images/teacher/11.jpg]
[htmldemo.net/kidschool/kidschool/images/teacher/15.jpg]
[htmldemo.net/kidschool/kidschool/images/teacher/12.jpg]
[htmldemo.net/kidschool/kidschool/images/teacher/16.jpg]
[htmldemo.net/kidschool/kidschool/images/teacher/13.jpg]
[htmldemo.net/kidschool/kidschool/images/teacher/14.jpg]
[htmldemo.net/kidschool/kidschool/teacher.html]
[htmldemo.net/kidschool/kidschool/images/event/3.jpg]
[htmldemo.net/kidschool/kidschool/images/event/4.jpg]
[htmldemo.net/kidschool/kidschool/images/event/5.jpg]
[htmldemo.net/kidschool/kidschool/images/event/6.jpg]
[htmldemo.net/kidschool/kidschool/images/event/7.jpg]
[htmldemo.net/kidschool/kidschool/event.html]
[htmldemo.net/kidschool/kidschool/contact.html]
[htmldemo.net/kidschool/fonts/glyphicons-halflings-regular.html]
[htmldemo.net/kidschool/fonts/glyphicons-halflings-regulard41d.html]
[htmldemo.net/kidschool/fonts/glyphicons-halflings-regular-2.html]
[htmldemo.net/kidschool/fonts/glyphicons-halflings-regular-3.html]
[htmldemo.net/kidschool/fonts/glyphicons-halflings-regular-4.html]
[htmldemo.net/kidschool/fonts/glyphicons-halflings-regular-5.html]
[htmldemo.net/kidschool/fonts/fontawesome-webfont3e6e.svg]
[htmldemo.net/kidschool/kidschool/css/bootstrap.min.css]
[htmldemo.net/kidschool/kidschool/css/font-awesome.min.css]
[htmldemo.net/kidschool/kidschool/css/icofont.css]
[htmldemo.net/kidschool/kidschool/css/plugins/meanmenu.css]
[htmldemo.net/kidschool/kidschool/css/plugins/animate.css]
[htmldemo.net/kidschool/kidschool/css/plugins/jquery-ui.min.css]
[htmldemo.net/kidschool/kidschool/css/plugins/owl.carousel.css]
[htmldemo.net/kidschool/kidschool/css/shortcode/default.css]
[htmldemo.net/kidschool/kidschool/css/plugins/slick.css]
[htmldemo.net/kidschool/kidschool/css/core.css]
[htmldemo.net/kidschool/kidschool/style.css]
[htmldemo.net/kidschool/kidschool/css/plugins/magnific-popup.css]
[htmldemo.net/kidschool/kidschool/css/shortcode/header.css]
[htmldemo.net/kidschool/kidschool/css/shortcode/slider.css]
[htmldemo.net/kidschool/kidschool/css/shortcode/footer.css]
[htmldemo.net/kidschool/kidschool/css/shortcode/activity.css]
[htmldemo.net/kidschool/kidschool/css/shortcode/gallery.css]
[htmldemo.net/kidschool/kidschool/css/shortcode/fun.css]
[htmldemo.net/kidschool/kidschool/css/shortcode/teacher.css]
[htmldemo.net/kidschool/kidschool/css/shortcode/events.css]
[htmldemo.net/kidschool/kidschool/css/shortcode/testimonial.css]
[htmldemo.net/kidschool/kidschool/css/shortcode/classes.css]
[htmldemo.net/kidschool/kidschool/css/shortcode/contact.css]
[htmldemo.net/kidschool/kidschool/css/shortcode/pricing.css]
[htmldemo.net/kidschool/kidschool/css/shortcode/shortcodes.css]
[htmldemo.net/kidschool/kidschool/css/plugins/hover.css]
[htmldemo.net/kidschool/kidschool/css/responsive.css]
[htmldemo.net/kidschool/kidschool/css/shortcode/about.css]
[htmldemo.net/kidschool/kidschool/fonts/fontawesome-webfont3295.eot]
[htmldemo.net/kidschool/kidschool/fonts/fontawesome-webfont3295.woff2]
[htmldemo.net/kidschool/kidschool/fonts/fontawesome-webfontd41d.eot]
[htmldemo.net/kidschool/kidschool/fonts/fontawesome-webfont3295.woff]
[htmldemo.net/kidschool/kidschool/fonts/fontawesome-webfont3295.ttf]
[htmldemo.net/kidschool/kidschool/css/font-awesome.min.css]
[htmldemo.net/kidschool/kidschool/fonts/icofont7858.ttf]
[htmldemo.net/kidschool/kidschool/fonts/fontawesome-webfont3295.svg]
[htmldemo.net/kidschool/kidschool/fonts/icofont7858.woff]
[htmldemo.net/kidschool/kidschool/fonts/icofont7858.eot]
[htmldemo.net/kidschool/kidschool/css/icofont.css]
[htmldemo.net/kidschool/kidschool/css/plugins/meanmenu.css]
[htmldemo.net/kidschool/kidschool/css/plugins/animate.css]
[htmldemo.net/kidschool/kidschool/css/plugins/images/ui-bg_inset-hard_100_fcfdfd_1x100.png]
[htmldemo.net/kidschool/kidschool/css/plugins/images/ui-bg_gloss-wave_55_5c9ccc_500x100.png]
[htmldemo.net/kidschool/kidschool/fonts/icofont7858.svg]
[htmldemo.net/kidschool/kidschool/css/plugins/images/ui-bg_glass_85_dfeffc_1x400.png]
[htmldemo.net/kidschool/kidschool/css/plugins/images/ui-bg_glass_75_d0e5f5_1x400.png]
[htmldemo.net/kidschool/kidschool/css/plugins/images/ui-bg_inset-hard_100_f5f8f9_1x100.png]
[htmldemo.net/kidschool/kidschool/css/plugins/images/ui-bg_glass_95_fef1ec_1x400.png]
[htmldemo.net/kidschool/kidschool/css/plugins/images/ui-icons_469bdd_256x240.png]
[htmldemo.net/kidschool/kidschool/css/plugins/images/ui-icons_d8e7f3_256x240.png]
[htmldemo.net/kidschool/kidschool/css/plugins/images/ui-icons_6da8d5_256x240.png]
[htmldemo.net/kidschool/kidschool/css/plugins/images/ui-icons_217bc0_256x240.png]
[htmldemo.net/kidschool/kidschool/css/plugins/images/ui-icons_f9bd01_256x240.png]
[htmldemo.net/kidschool/kidschool/css/plugins/images/ui-icons_2e83ff_256x240.png]
[htmldemo.net/kidschool/kidschool/css/plugins/images/ui-icons_cd0a0a_256x240.png]
[htmldemo.net/kidschool/kidschool/css/plugins/jquery-ui.min.css]
[htmldemo.net/kidschool/kidschool/css/plugins/owl.video.play.png]
[htmldemo.net/kidschool/kidschool/css/plugins/owl.carousel.css]
[htmldemo.net/kidschool/kidschool/images/icon/1.png]
[htmldemo.net/kidschool/kidschool/images/bg/2.jpg]
[htmldemo.net/kidschool/kidschool/images/bg/3.jpg]
[htmldemo.net/kidschool/kidschool/images/bg/1.png]
[htmldemo.net/kidschool/kidschool/images/banner/1.jpg]
[htmldemo.net/kidschool/kidschool/images/banner/2.jpg]
[htmldemo.net/kidschool/kidschool/images/banner/3.png]
[htmldemo.net/kidschool/kidschool/images/pattern/pattern-bg.png]
[htmldemo.net/kidschool/kidschool/images/customizer/pattern/1.png]
[htmldemo.net/kidschool/kidschool/images/customizer/pattern/2.png]
[htmldemo.net/kidschool/kidschool/images/customizer/pattern/3.png]
[htmldemo.net/kidschool/kidschool/images/customizer/pattern/4.png]
[htmldemo.net/kidschool/kidschool/images/customizer/pattern/5.png]
[htmldemo.net/kidschool/kidschool/images/customizer/pattern/6.png]
[htmldemo.net/kidschool/kidschool/images/customizer/pattern/7.png]
[htmldemo.net/kidschool/kidschool/images/customizer/pattern/8.png]
[htmldemo.net/kidschool/kidschool/images/customizer/bodybg/01.jpg]
[htmldemo.net/kidschool/kidschool/images/customizer/bodybg/02.jpg]
[htmldemo.net/kidschool/kidschool/images/customizer/bodybg/03.jpg]
[htmldemo.net/kidschool/kidschool/images/customizer/bodybg/04.jpg]
[htmldemo.net/kidschool/kidschool/images/customizer/bodybg/05.jpg]
[htmldemo.net/kidschool/kidschool/images/customizer/bodybg/06.jpg]
[htmldemo.net/kidschool/kidschool/images/customizer/bodybg/07.jpg]
[htmldemo.net/kidschool/kidschool/images/customizer/bodybg/08.jpg]
[htmldemo.net/kidschool/kidschool/css/shortcode/default.css]
[htmldemo.net/kidschool/kidschool/css/plugins/slick.css]
[htmldemo.net/kidschool/kidschool/css/plugins/magnific-popup.css]
[htmldemo.net/kidschool/kidschool/images/slider/1.jpg]
[htmldemo.net/kidschool/kidschool/css/shortcode/header.css]
[htmldemo.net/kidschool/kidschool/css/shortcode/slider.css]
[htmldemo.net/kidschool/kidschool/css/shortcode/footer.css]
[htmldemo.net/kidschool/kidschool/css/shortcode/activity.css]
[htmldemo.net/kidschool/kidschool/css/shortcode/gallery.css]
[htmldemo.net/kidschool/kidschool/css/shortcode/fun.css]
[htmldemo.net/kidschool/kidschool/css/shortcode/teacher.css]
[htmldemo.net/kidschool/kidschool/images/event/2.png]
[htmldemo.net/kidschool/kidschool/images/event/1.png]
[htmldemo.net/kidschool/kidschool/css/shortcode/events.css]
[htmldemo.net/kidschool/kidschool/css/shortcode/testimonial.css]
[htmldemo.net/kidschool/kidschool/css/shortcode/classes.css]
[htmldemo.net/kidschool/kidschool/css/shortcode/contact.css]
[htmldemo.net/kidschool/kidschool/css/shortcode/pricing.css]
[htmldemo.net/kidschool/kidschool/images/icon/2.png]
[htmldemo.net/kidschool/kidschool/css/shortcode/about.css]
[s3.envato.com/files/224288602/preview.__large_preview.jpg]
[s3.envato.com/files/223879913/preview.__large_preview.jpg]
[s3.envato.com/files/181178968/image-preview.__large_preview.jpg]
[s3.envato.com/files/224403299/preview.__large_preview.jpg]
[htmldemo.net/kidschool/kidschool/fonts/fontawesome-webfont3295.svg]
[htmldemo.net/kidschool/kidschool/fonts/icofont7858.svg]
[htmldemo.net/kidschool/kidschool/css/plugins/images/ui-bg_inset-hard_100_fcfdfd_1x100.html]
[htmldemo.net/kidschool/kidschool/css/plugins/images/ui-bg_gloss-wave_55_5c9ccc_500x100.html]
[htmldemo.net/kidschool/kidschool/css/plugins/images/ui-bg_glass_85_dfeffc_1x400.html]
[htmldemo.net/kidschool/kidschool/css/plugins/images/ui-bg_glass_75_d0e5f5_1x400.html]
[htmldemo.net/kidschool/kidschool/css/plugins/images/ui-bg_inset-hard_100_f5f8f9_1x100.html]
[htmldemo.net/kidschool/kidschool/css/plugins/images/ui-bg_glass_95_fef1ec_1x400.html]
[htmldemo.net/kidschool/kidschool/css/plugins/images/ui-icons_469bdd_256x240.html]
[htmldemo.net/kidschool/kidschool/css/plugins/images/ui-icons_d8e7f3_256x240.html]
[htmldemo.net/kidschool/kidschool/css/plugins/images/ui-icons_6da8d5_256x240.html]
[htmldemo.net/kidschool/kidschool/css/plugins/images/ui-icons_217bc0_256x240.html]
[htmldemo.net/kidschool/kidschool/css/plugins/images/ui-icons_f9bd01_256x240.html]
[htmldemo.net/kidschool/kidschool/css/plugins/images/ui-icons_2e83ff_256x240.html]
[htmldemo.net/kidschool/kidschool/css/plugins/images/ui-icons_cd0a0a_256x240.html]
[htmldemo.net/kidschool/kidschool/css/plugins/owl.video.play.html]
[htmldemo.net/kidschool/kidschool/images/bg/2.html]
[htmldemo.net/kidschool/kidschool/images/bg/3.html]
[htmldemo.net/kidschool/kidschool/images/bg/1.html]
[htmldemo.net/kidschool/kidschool/images/banner/2.html]
[htmldemo.net/kidschool/kidschool/images/banner/3.html]
[htmldemo.net/kidschool/kidschool/images/pattern/pattern-bg.html]
[htmldemo.net/kidschool/kidschool/images/customizer/pattern/1.html]
[htmldemo.net/kidschool/kidschool/images/customizer/pattern/2.html]
[htmldemo.net/kidschool/kidschool/images/customizer/pattern/3.html]
[htmldemo.net/kidschool/kidschool/images/customizer/pattern/4.html]
[htmldemo.net/kidschool/kidschool/images/customizer/pattern/5.html]
[htmldemo.net/kidschool/kidschool/images/customizer/pattern/6.html]
[htmldemo.net/kidschool/kidschool/images/customizer/pattern/7.html]
[htmldemo.net/kidschool/kidschool/images/customizer/pattern/8.html]
[htmldemo.net/kidschool/kidschool/images/customizer/bodybg/01.html]
[htmldemo.net/kidschool/kidschool/images/customizer/bodybg/02.html]
[htmldemo.net/kidschool/kidschool/images/customizer/bodybg/03.html]
[htmldemo.net/kidschool/kidschool/images/customizer/bodybg/04.html]
[htmldemo.net/kidschool/kidschool/images/customizer/bodybg/05.html]
[htmldemo.net/kidschool/kidschool/images/customizer/bodybg/06.html]
[htmldemo.net/kidschool/kidschool/images/customizer/bodybg/07.html]
[htmldemo.net/kidschool/kidschool/images/customizer/bodybg/08.html]
